../Core/Src/main.c:60:5:__io_putchar	16	static
../Core/Src/main.c:70:6:jumpAssembly	16	static,ignoring_inline_asm
../Core/Src/main.c:75:6:print_continuously	8	static
../Core/Src/main.c:83:6:print_my_name	4	static,ignoring_inline_asm
../Core/Src/main.c:87:6:test_func_1	8	static
../Core/Src/main.c:95:6:test_func_2	16	static
../Core/Src/main.c:103:6:thread_function	24	static
../Core/Src/main.c:121:6:thread_function_yield	24	static
../Core/Src/main.c:145:5:main	40	static
../Core/Src/main.c:230:6:SystemClock_Config	88	static
../Core/Src/main.c:277:13:MX_USART2_UART_Init	8	static
../Core/Src/main.c:310:13:MX_GPIO_Init	48	static
../Core/Src/main.c:346:6:Error_Handler	4	static,ignoring_inline_asm
